C51 COMPILER V9.54   LD3320                                                                08/22/2024 02:21:56 PAGE 1   


C51 COMPILER V9.54, COMPILATION OF MODULE LD3320
OBJECT MODULE PLACED IN .\Objects\ld3320.obj
COMPILER INVOKED BY: C:\Keil_v5\C51\BIN\C51.EXE ld3320.c OPTIMIZE(8,SPEED) BROWSE DEBUG OBJECTEXTEND PRINT(.\Listings\ld
                    -3320.lst) OBJECT(.\Objects\ld3320.obj)

line level    source

   1          #include <REGX52.H>
   2          
   3          
   4          
   5          
   6          int ld3320()
   7          {
   8   1              
   9   1              
  10   1      }
*** WARNING C290 IN LINE 10 OF ld3320.c: missing return value


MODULE INFORMATION:   STATIC OVERLAYABLE
   CODE SIZE        =      1    ----
   CONSTANT SIZE    =   ----    ----
   XDATA SIZE       =   ----    ----
   PDATA SIZE       =   ----    ----
   DATA SIZE        =   ----    ----
   IDATA SIZE       =   ----    ----
   BIT SIZE         =   ----    ----
END OF MODULE INFORMATION.


C51 COMPILATION COMPLETE.  1 WARNING(S),  0 ERROR(S)
